[03:46:22] [INFO] ============================================================
[03:46:22] [INFO] woldvein Trainer v0.4.2 启动
[03:46:22] [INFO] ============================================================
[03:46:23] [INFO] 修改器 v0.4.2 已启动
[03:46:30] [INFO] 已切换到深色主题
[03:46:33] [INFO] 找到 1 个存档文件
[03:46:38] [INFO] 找到 1 个存档文件
[03:46:42] [SUCCESS] 窗口大小已设置: 1400x900
[03:46:43] [SUCCESS] 窗口大小已设置: 1200x750
[03:46:43] [SUCCESS] 窗口大小已设置: 1400x900
[03:46:45] [INFO] 已打开配置文件夹: D:\pingye_pack\development\current\woldvein_trainer0.4.2
[03:47:45] [INFO] ============================================================
[03:47:45] [INFO] woldvein Trainer v0.4.2 启动
[03:47:45] [INFO] ============================================================
[03:47:46] [INFO] 修改器 v0.4.2 已启动
[03:47:47] [INFO] 已切换到深色主题
[03:50:41] [INFO] ============================================================
[03:50:41] [INFO] woldvein Trainer v0.4.2 启动
[03:50:41] [INFO] ============================================================
[03:50:41] [INFO] 修改器 v0.4.2 已启动
[03:50:43] [INFO] 已切换到深色主题
